MPASM 02.30 Released             MULT.ASM   6-1-2012  22:34:05         PAGE  1


LOC  OBJECT CODE     LINE SOURCE TEXT
  VALUE

                    00001 ;---------CONSIGNA----------------------------
                    00002 ;Multiplicar un n£mero de la dir 0x10 por 6
                    00003 ;y guardarlo en la £ltima direcci¢n de memoria
                    00004 ;---------------------------------------------
                    00005 
                    00006         List    p=16c84; especifica el modelo de microcontrolador
                    00007 
                    00008 ;--------ZONA DE ETIQUETAS-------------------------------------
                    00009 
  00000010          00010 dirN    EQU     0x10;direcci¢n donde est  guardado el n£mero
  0000002F          00011 resu    EQU     0x2f;direcci¢n donde se guardar  el resultado
  00000012          00012 conMult EQU     0x12;dir donde se guardar  la cantidad de veces
                    00013                     ;que tengo que sumar
                    00014 ;--------------------------------------------------------------
                    00015 
0000                00016         ORG     0x00
0000 3003           00017         movlw   0x03;
0001 0090           00018         movwf   dirN;
                    00019 
0002 3005           00020         movlw   0x05; cargo el reg W con el n£mero 5 (un literal)
0003 0092           00021         movwf   conMult; muevo literal que est  en reg W hacia 0x12
0004 0810           00022         movf    dirN,0; el n£mero q est  en la dir 0x10 lo cargo al reg W
0005 0710           00023 seguir  addwf   dirN,0; sumo el (W) con el (0x10)
0006 0B92           00024         decfsz  conMult,1; decremento mi indicador para la multiplicaci¢n
0007 2805           00025         goto    seguir; Salto a la instrucci¢n para 'seguir' sumando
0008 00AF           00026         movwf   resu; muevo el resultado que est  en el reg W a 0x2F
                    00027         end
MPASM 02.30 Released             MULT.ASM   6-1-2012  22:34:05         PAGE  2


SYMBOL TABLE
  LABEL                             VALUE 

__16C84                           00000001
conMult                           00000012
dirN                              00000010
resu                              0000002F
seguir                            00000005


MEMORY USAGE MAP ('X' = Used,  '-' = Unused)

0000 : XXXXXXXXX------- ---------------- ---------------- ----------------

All other memory blocks unused.

Program Memory Words Used:     9
Program Memory Words Free:  1015


Errors   :     0
Warnings :     0 reported,     0 suppressed
Messages :     0 reported,     0 suppressed

